../Core/Src/main.c:91:6:Start_USB_Task	88	static
../Core/Src/main.c:105:6:Start_LED_Task	32	static
../Core/Src/main.c:117:6:Timer_Callback	72	static
../Core/Src/main.c:141:5:main	16	static
../Core/Src/main.c:253:6:SystemClock_Config	128	static
../Core/Src/main.c:302:13:MX_I2C1_Init	8	static
../Core/Src/main.c:350:13:MX_SPI1_Init	8	static
../Core/Src/main.c:390:13:MX_GPIO_Init	48	static
../Core/Src/main.c:522:6:HAL_TIM_PeriodElapsedCallback	16	static
../Core/Src/main.c:539:6:Error_Handler	4	static,ignoring_inline_asm
